lon,lat,PGA-0.1,PGA-0.4,PGA-0.6
0.00000,0.00000,2.761214E-01,3.543580E-02,1.143450E-02
