asset_ref:|S20,lon,lat,structural,structural_ins
a0,8.129850E+01,2.910980E+01,3.500932E+02,3.672644E+01
a1,8.308230E+01,2.790060E+01,1.465656E+02,3.293761E+01
a2,8.574770E+01,2.790150E+01,8.956219E+01,5.956219E+01
a3,8.574770E+01,2.790150E+01,1.294835E+02,0.000000E+00
