#,,,"generated_by='OpenQuake engine 3.10.0-git1e479a4639', start_date='2020-05-04T09:07:06', checksum=1136041000, smlt_path='b1', gsimlt_path='b21', imt='PGA', investigation_time=1.0, lon=-74.0, lat=4.6, poe='0.0001000', iml='1.2217387e-02', rlz=0"
mag,lon,lat,poe
-7.40000E+01,4.60000E+00,6.50000E+00,1.00238E-04
