asset_id,taxonomy,lon,lat,no_damage,slight,moderate,extreme,complete
"a3","Wood",-122.57000,38.11300,9.56330E-01,1.51266E-02,1.52523E-02,7.68750E-03,5.60352E-03
"a2","Wood",-122.11400,38.11300,1.52547E-01,1.01799E-01,1.99528E-01,1.91157E-01,3.54969E-01
"a5","Wood",-122.00000,37.91000,3.19282E-01,1.28133E-01,1.97995E-01,1.50617E-01,2.03973E-01
"a4","Wood",-122.00000,38.00000,1.14367E-01,7.03436E-02,1.47647E-01,1.63361E-01,5.04281E-01
"a1","Wood",-122.00000,38.11300,5.83925E-02,3.94575E-02,9.72465E-02,1.33107E-01,6.71796E-01
"a7","Wood",-121.88600,38.11300,1.52547E-01,1.01799E-01,1.99528E-01,1.91157E-01,3.54969E-01
