lon,lat,PGA-0.0001,PGA-0.001,PGA-0.01,PGA-0.05,PGA-0.1,PGA-0.15,PGA-0.2,SA(0.1)-0.0001,SA(0.1)-0.001,SA(0.1)-0.01,SA(0.1)-0.05,SA(0.1)-0.1,SA(0.1)-0.15,SA(0.1)-0.2,SA(0.1)-0.3,SA(0.1)-0.5,SA(0.1)-0.8
-0.10000,0.00000,6.203012E-01,6.203012E-01,6.203012E-01,6.085312E-01,5.457258E-01,4.612182E-01,3.762153E-01,6.203012E-01,6.203012E-01,6.203012E-01,6.178579E-01,5.963566E-01,5.596975E-01,5.182393E-01,4.369097E-01,3.002479E-01,1.628001E-01
0.00000,0.00000,6.203012E-01,6.203012E-01,6.203012E-01,5.731951E-01,4.708255E-01,3.982300E-01,3.418629E-01,6.203012E-01,6.203012E-01,6.203012E-01,6.158078E-01,5.817611E-01,5.298122E-01,4.753373E-01,3.766577E-01,2.303905E-01,1.070953E-01
0.10000,0.00000,6.203012E-01,6.203012E-01,6.193643E-01,5.047666E-01,4.180744E-01,3.944324E-01,3.863933E-01,6.203012E-01,6.203012E-01,6.203012E-01,5.939060E-01,5.181994E-01,4.611398E-01,4.275975E-01,3.959241E-01,3.649093E-01,3.106061E-01
