lon,lat,PGA~0.01,PGA~0.1,PGA~0.2,SA(0.1)~0.01,SA(0.1)~0.1,SA(0.1)~0.2
-1.000000E-01,0.000000E+00,2.000000E-01,2.000000E-01,2.000000E-01,8.000000E-01,8.000000E-01,8.000000E-01
0.000000E+00,0.000000E+00,2.000000E-01,2.000000E-01,2.000000E-01,8.000000E-01,8.000000E-01,7.575816E-01
1.000000E-01,0.000000E+00,2.000000E-01,2.000000E-01,2.000000E-01,8.000000E-01,8.000000E-01,7.002025E-01
