#,,,,,,,,,,,,,,,,,,,,,"generated_by='OpenQuake engine 3.9.0-git226835009c', start_date='2020-03-28T11:37:44', checksum=3772267317, kind='mean', investigation_time=50.0, imt='SA(0.2)'"
lon,lat,depth,poe-0.0050000,poe-0.0070000,poe-0.0098000,poe-0.0137000,poe-0.0192000,poe-0.0269000,poe-0.0376000,poe-0.0527000,poe-0.0738000,poe-0.1030000,poe-0.1450000,poe-0.2030000,poe-0.2840000,poe-0.3970000,poe-0.5560000,poe-0.7780000,poe-1.0900000,poe-1.5200000,poe-2.1300000
0.00000,0.00000,0.00000,9.999948E-01,9.999948E-01,9.999946E-01,9.999939E-01,9.999916E-01,9.999833E-01,9.999472E-01,9.997404E-01,9.984086E-01,9.907635E-01,9.561264E-01,8.557355E-01,6.662565E-01,4.298697E-01,2.242200E-01,9.479365E-02,3.225034E-02,8.778631E-03,1.742004E-03
