#,,,,,,,,,,,,,,,,,"generated_by='OpenQuake engine 3.8.0-gitb49c46edf1', start_date='2019-10-24T08:11:48', checksum=175057133, kind='mean', investigation_time=50.0"
lon,lat,0.1~PGA,0.1~SA(0.025),0.1~SA(0.05),0.1~SA(0.1),0.1~SA(0.2),0.1~SA(0.5),0.1~SA(1.0),0.1~SA(2.0),0.02~PGA,0.02~SA(0.025),0.02~SA(0.05),0.02~SA(0.1),0.02~SA(0.2),0.02~SA(0.5),0.02~SA(1.0),0.02~SA(2.0)
0.00000,0.00000,3.249016E-01,3.567284E-01,4.596174E-01,7.396281E-01,7.455425E-01,4.074798E-01,2.051937E-01,8.836248E-02,5.110232E-01,5.653048E-01,7.312533E-01,1.175350E+00,1.201994E+00,6.897282E-01,3.625076E-01,1.660233E-01
