#,,,,,,,,,,,,,,,,,,,,,"generated_by='OpenQuake engine 3.9.0-gitd458418e26', start_date='2020-03-23T08:54:24', checksum=3884134934, kind='mean', investigation_time=50.0, imt='SA(0.025)'"
lon,lat,depth,poe-0.0050000,poe-0.0070000,poe-0.0098000,poe-0.0137000,poe-0.0192000,poe-0.0269000,poe-0.0376000,poe-0.0527000,poe-0.0738000,poe-0.1030000,poe-0.1450000,poe-0.2030000,poe-0.2840000,poe-0.3970000,poe-0.5560000,poe-0.7780000,poe-1.0900000,poe-1.5200000,poe-2.1300000
0.00000,0.00000,0.00000,9.999945E-01,9.999935E-01,9.999901E-01,9.999773E-01,9.999164E-01,9.995598E-01,9.974082E-01,9.861453E-01,9.432721E-01,8.330626E-01,6.334642E-01,3.965841E-01,1.976374E-01,7.741381E-02,2.323847E-02,5.055138E-03,7.108077E-04,3.031317E-05,0.000000E+00
