0.000000E+00,0.000000E+00,4.865829E-01,0.000000E+00,0.000000E+00
lon,lat,PGA-0.1,PGA-0.4,PGA-0.6
