asset_ref,taxonomy,lon,lat,business_interruption,contents,nonstructural,occupants,structural,business_interruption_ins,contents_ins,nonstructural_ins,occupants_ins,structural_ins
a3,tax1,-1.225700E+02,3.811300E+01,9.679391E+01,5.335919E+02,8.003878E+02,1.935878E-03,1.044249E+02,2.349375E+00,2.349375E+00,2.349375E+00,0.000000E+00,5.468750E-01
a2,tax2,-1.221140E+02,3.811300E+01,7.294514E+02,7.708783E+03,1.017175E+04,1.458903E-02,1.123829E+03,9.905004E+00,9.975001E+00,9.975003E+00,0.000000E+00,3.093125E+00
a5,tax1,-1.220000E+02,3.791000E+01,2.999657E+02,1.676715E+03,2.436579E+03,5.999314E-03,2.291177E+02,7.735002E+00,7.735000E+00,7.735002E+00,0.000000E+00,5.775000E-01
a4,tax3,-1.220000E+02,3.800000E+01,4.678780E+02,2.898920E+03,4.445213E+03,9.357559E-03,5.423140E+02,9.625004E+00,8.802501E+00,9.765004E+00,0.000000E+00,1.548750E+00
a1,tax1,-1.220000E+02,3.811300E+01,1.688894E+03,7.807575E+03,1.376633E+04,3.377787E-02,6.944575E+03,9.975003E+00,9.975001E+00,9.975003E+00,0.000000E+00,7.980001E+00
a6,tax2,-1.220000E+02,3.822500E+01,7.409552E+02,5.425238E+03,8.417675E+03,1.481910E-02,1.176122E+03,9.677504E+00,9.940002E+00,9.940003E+00,0.000000E+00,2.200625E+00
a7,tax1,-1.218860E+02,3.811300E+01,5.594702E+02,3.345750E+03,4.834208E+03,1.118940E-02,9.409414E+02,9.940003E+00,9.940002E+00,9.940003E+00,0.000000E+00,3.001250E+00
