asset_ref,taxonomy,lon,lat,business_interruption,contents,nonstructural,occupants:float32,structural
a3,"tax1",-122.57000,38.11300,0.00000E+00,0.00000E+00,0.00000E+00,0.00000E+00,0.00000E+00
a2,"tax2",-122.11400,38.11300,5.22559E+03,1.62669E+04,2.13533E+04,1.04512E-01,1.37010E+04
a5,"tax1",-122.00000,37.91000,6.64506E+02,3.60796E+03,5.41194E+03,1.32901E-02,0.00000E+00
a4,"tax3",-122.00000,38.00000,1.00017E+03,1.92225E+04,2.72804E+04,2.00034E-02,2.88797E+03
a1,"tax1",-122.00000,38.11300,2.83475E+03,2.17430E+04,2.58210E+04,5.66951E-02,1.28675E+04
a6,"tax2",-122.00000,38.22500,1.23643E+03,1.34101E+04,1.82227E+04,2.47287E-02,2.95121E+03
a7,"tax1",-121.88600,38.11300,1.83568E+03,1.13589E+04,1.70383E+04,3.67136E-02,6.49602E+03
