asset_ref,taxonomy,state,cresta,occupancy,lon,lat,business_interruption~poe-0.02,business_interruption~poe-0.1,contents~poe-0.02,contents~poe-0.1,nonstructural~poe-0.02,nonstructural~poe-0.1,occupants~poe-0.02,occupants~poe-0.1,structural~poe-0.02,structural~poe-0.1,business_interruption_ins~poe-0.02,business_interruption_ins~poe-0.1,contents_ins~poe-0.02,contents_ins~poe-0.1,nonstructural_ins~poe-0.02,nonstructural_ins~poe-0.1,occupants_ins~poe-0.02,occupants_ins~poe-0.1,structural_ins~poe-0.02,structural_ins~poe-0.1
a3,"tax1","02","0.21","Com",-122.57000,38.11300,4.76511E+01,4.76511E+01,2.85913E+02,2.85913E+02,4.28870E+02,4.28870E+02,9.53023E-04,9.53023E-04,1.50568E+02,1.50568E+02,7.00000E-01,7.00000E-01,7.00000E-01,7.00000E-01,7.00000E-01,7.00000E-01,0.00000E+00,0.00000E+00,7.00000E-01,7.00000E-01
a2,"tax2","01","0.12","Res",-122.11400,38.11300,3.82860E+01,3.82860E+01,1.09684E+03,1.09684E+03,1.28327E+03,1.28327E+03,7.65720E-04,7.65720E-04,9.95944E+01,9.95944E+01,7.00000E-01,7.00000E-01,7.00000E-01,7.00000E-01,7.00000E-01,7.00000E-01,0.00000E+00,0.00000E+00,7.00000E-01,7.00000E-01
a5,"tax1","02","0.23","Res",-122.00000,37.91000,3.80877E+01,3.80877E+01,2.21973E+02,2.21973E+02,3.32960E+02,3.32960E+02,7.61755E-04,7.61755E-04,1.03117E+02,1.03117E+02,7.00000E-01,7.00000E-01,7.00000E-01,7.00000E-01,7.00000E-01,7.00000E-01,0.00000E+00,0.00000E+00,7.00000E-01,7.00000E-01
a4,"tax3","02","0.22","Res",-122.00000,38.00000,2.95752E+01,2.95752E+01,1.11219E+02,1.11219E+02,3.09407E+02,3.09407E+02,5.91504E-04,5.91504E-04,0.00000E+00,0.00000E+00,7.00000E-01,7.00000E-01,7.00000E-01,7.00000E-01,7.00000E-01,7.00000E-01,0.00000E+00,0.00000E+00,0.00000E+00,0.00000E+00
a1,"tax1","01","0.11","Res",-122.00000,38.11300,4.22991E+01,4.22991E+01,2.52917E+02,2.52917E+02,3.79376E+02,3.79376E+02,8.45982E-04,8.45982E-04,1.35988E+02,1.35988E+02,7.00000E-01,7.00000E-01,7.00000E-01,7.00000E-01,7.00000E-01,7.00000E-01,0.00000E+00,0.00000E+00,7.00000E-01,7.00000E-01
a6,"tax2","03","0.31","Res",-122.00000,38.22500,4.50709E+01,4.50709E+01,7.57392E+02,7.57392E+02,9.61626E+02,9.61626E+02,9.01418E-04,9.01418E-04,1.10713E+02,1.10713E+02,7.00000E-01,7.00000E-01,7.00000E-01,7.00000E-01,7.00000E-01,7.00000E-01,0.00000E+00,0.00000E+00,7.00000E-01,7.00000E-01
a7,"tax1","03","0.32","Res",-121.88600,38.11300,5.38269E+01,5.38269E+01,3.19892E+02,3.19892E+02,4.79838E+02,4.79838E+02,1.07654E-03,1.07654E-03,1.49155E+02,1.49155E+02,7.00000E-01,7.00000E-01,7.00000E-01,7.00000E-01,7.00000E-01,7.00000E-01,0.00000E+00,0.00000E+00,7.00000E-01,7.00000E-01
