lon lat,PGA
0.00000 0.00000,9.6940567E-01 9.4480516E-01 9.0993522E-01 8.5961108E-01 7.9835354E-01
