<?xml version='1.0' encoding='UTF-8'?>
<nrml xmlns:gml="http://www.opengis.net/gml" xmlns="http://openquake.org/xmlns/nrml/0.4">
  <hazardCurves sourceModelTreePath="source_model_1" gsimTreePath="BooreAtkinson2008_YoungsEtAl1997SSlab" IMT="PGA" investigationTime="50.0">
    <IMLs>0.005 0.007 0.0098 0.0137 0.0192 0.0269 0.0376 0.0527 0.0738 0.103 0.145 0.203 0.284 0.397 0.556 0.778 1.09 1.52 2.13</IMLs>
    <hazardCurve>
      <gml:Point>
        <gml:pos>0.0 0.0</gml:pos>
      </gml:Point>
      <poEs>0.994861765037 0.994168895021 0.992207629326 0.986910567094 0.972302194726 0.933589094753 0.845574879126 0.687619747195 0.481938667297 0.287201621553 0.142313367382 0.0605680013809 0.0219678699861 0.00665091070335 0.00152776919099 0.000220304965378 1.061127841e-05 0.0 0.0</poEs>
    </hazardCurve>
    <hazardCurve>
      <gml:Point>
        <gml:pos>-3.0 -3.0</gml:pos>
      </gml:Point>
      <poEs>0.991735543988 0.990723194892 0.987842344859 0.980199039755 0.959916485233 0.909161036958 0.801802953438 0.624391209108 0.412760218047 0.229295211913 0.104325714833 0.0400071423919 0.01265491344 0.003198705114 0.000584951928605 6.95808738319e-05 2.09266307916e-06 0.0 0.0</poEs>
    </hazardCurve>
  </hazardCurves>
</nrml>
