#,,,,"generated_by='OpenQuake engine 3.7.0-git7edde9a95f', start_date='2019-09-05T16:25:35', checksum=953727144, investigation_time=1.0, risk_investigation_time=50.0"
event_id,structural,rup_id,rlz_id,year
0,1.68142E+02,524,0,1
