#,,,,,,,,,,,,,,,,,,,,,,,,,,,,,,,,"generated_by='OpenQuake engine 3.9.0-git4ba6fc4964', start_date='2020-04-22T16:46:44', checksum=3025765879, kind='mean', investigation_time=50.0, imt='SA(0.15)'"
lon,lat,depth,poe-0.0137000,poe-0.0165774,poe-0.0200592,poe-0.0242723,poe-0.0293702,poe-0.0355388,poe-0.0430031,poe-0.0520351,poe-0.0629640,poe-0.0761884,poe-0.0921904,poe-0.1115532,poe-0.1349828,poe-0.1633334,poe-0.1976385,poe-0.2391487,poe-0.2893774,poe-0.3501556,poe-0.4236991,poe-0.5126891,poe-0.6203697,poe-0.7506666,poe-0.9083299,poe-1.0991073,poe-1.3299539,poe-1.6092855,poe-1.9472853,poe-2.3562756,poe-2.8511666,poe-3.4500000
16.26570,39.30020,0.00000,6.274284E-01,5.887894E-01,5.463912E-01,5.002197E-01,4.506477E-01,3.985575E-01,3.453284E-01,2.926923E-01,2.424534E-01,1.962128E-01,1.551439E-01,1.199052E-01,9.064053E-02,6.708220E-02,4.866466E-02,3.465319E-02,2.425724E-02,1.672266E-02,1.137277E-02,7.649722E-03,5.104734E-03,3.395169E-03,2.259294E-03,1.507797E-03,1.010353E-03,6.800732E-04,4.593701E-04,3.104171E-04,2.089337E-04,1.394182E-04
