lon,lat,PGA-0.0009,PGA-0.001,PGA-0.002,PGA-0.003,PGA-0.004,PGA-0.005,PGA-0.007,PGA-0.0098,PGA-0.0137,PGA-0.0192,PGA-0.0269,PGA-0.0376,PGA-0.0527,PGA-0.0738,PGA-0.103,PGA-0.145,PGA-0.203,PGA-0.284,PGA-0.397,PGA-0.556,PGA-0.778,PGA-1.09,PGA-1.52,PGA-2.13,PGA-2.85,PGA-3.45,SA(0.1)-0.0009,SA(0.1)-0.001,SA(0.1)-0.002,SA(0.1)-0.003,SA(0.1)-0.004,SA(0.1)-0.005,SA(0.1)-0.007,SA(0.1)-0.0098,SA(0.1)-0.0137,SA(0.1)-0.0192,SA(0.1)-0.0269,SA(0.1)-0.0376,SA(0.1)-0.0527,SA(0.1)-0.0738,SA(0.1)-0.103,SA(0.1)-0.145,SA(0.1)-0.203,SA(0.1)-0.284,SA(0.1)-0.397,SA(0.1)-0.556,SA(0.1)-0.778,SA(0.1)-1.09,SA(0.1)-1.52,SA(0.1)-2.13,SA(0.1)-2.85,SA(0.1)-3.45,SA(0.15)-0.0009,SA(0.15)-0.001,SA(0.15)-0.002,SA(0.15)-0.003,SA(0.15)-0.004,SA(0.15)-0.005,SA(0.15)-0.007,SA(0.15)-0.0098,SA(0.15)-0.0137,SA(0.15)-0.0192,SA(0.15)-0.0269,SA(0.15)-0.0376,SA(0.15)-0.0527,SA(0.15)-0.0738,SA(0.15)-0.103,SA(0.15)-0.145,SA(0.15)-0.203,SA(0.15)-0.284,SA(0.15)-0.397,SA(0.15)-0.556,SA(0.15)-0.778,SA(0.15)-1.09,SA(0.15)-1.52,SA(0.15)-2.13,SA(0.15)-2.85,SA(0.15)-3.45
16.26570,39.30020,7.314237E-01,7.162423E-01,5.810620E-01,4.758928E-01,3.956741E-01,3.343843E-01,2.498168E-01,1.799620E-01,1.266704E-01,8.757488E-02,5.998416E-02,4.086650E-02,2.748997E-02,1.825489E-02,1.190750E-02,7.397983E-03,4.363560E-03,2.357924E-03,1.128606E-03,4.578724E-04,1.518416E-04,3.818688E-05,6.187202E-06,1.624687E-07,0.000000E+00,0.000000E+00,8.039812E-01,7.966716E-01,7.230312E-01,6.549169E-01,5.938351E-01,5.395903E-01,4.494288E-01,3.559386E-01,2.686318E-01,1.939377E-01,1.357661E-01,9.339923E-02,6.326262E-02,4.250525E-02,2.838338E-02,1.847352E-02,1.181900E-02,7.279230E-03,4.223785E-03,2.234030E-03,1.047796E-03,4.186450E-04,1.393767E-04,3.491754E-05,7.323488E-06,1.709512E-06,8.023074E-01,7.947360E-01,7.185984E-01,6.484010E-01,5.857782E-01,5.305219E-01,4.395717E-01,3.465596E-01,2.609016E-01,1.884378E-01,1.323628E-01,9.156632E-02,6.245472E-02,4.228207E-02,2.846294E-02,1.869699E-02,1.209106E-02,7.547066E-03,4.454905E-03,2.408856E-03,1.161297E-03,4.799584E-04,1.665823E-04,4.430440E-05,1.025220E-05,2.808413E-06
