# source_model_tree_path=('b2',), gsim_tree_path=('b1',), investigation_time=1.0,imt=PGA
lon,lat,depth,PGA-0.1:float32,PGA-0.12:float32,PGA-0.2:float32
0.00000,0.00000,0.00000,6.321205E-01,6.070473E-01,2.567355E-01
