<?xml version="1.0" encoding="utf-8"?>
<nrml
xmlns="http://openquake.org/xmlns/nrml/0.5"
xmlns:gml="http://www.opengis.net/gml"
>
    <disaggMatrices
    IMT="SA"
    distBinEdges="0.000000E+00, 1.000000E+01, 2.000000E+01, 3.000000E+01, 4.000000E+01, 5.000000E+01, 6.000000E+01, 7.000000E+01, 8.000000E+01"
    epsBinEdges="-3.000000E+00, -2.000000E+00, -1.000000E+00, 0.000000E+00, 1.000000E+00, 2.000000E+00, 3.000000E+00"
    gsimTreePath="ChiouYoungs2008_YoungsEtAl1997SSlab"
    investigationTime="1.0"
    lat="0.0"
    latBinEdges="-8.000000E-01, -7.000000E-01, -6.000000E-01, -5.000000E-01, -4.000000E-01, -3.000000E-01, -2.000000E-01, -1.000000E-01, 0.000000E+00, 1.000000E-01, 2.000000E-01, 3.000000E-01, 4.000000E-01, 5.000000E-01, 6.000000E-01, 7.000000E-01, 8.000000E-01"
    lon="0.0"
    lonBinEdges="-8.000000E-01, -7.000000E-01, -6.000000E-01, -5.000000E-01, -4.000000E-01, -3.000000E-01, -2.000000E-01, -1.000000E-01, 0.000000E+00, 1.000000E-01, 2.000000E-01, 3.000000E-01, 4.000000E-01, 5.000000E-01, 6.000000E-01, 7.000000E-01, 8.000000E-01"
    magBinEdges="5.500000E+00, 5.600000E+00, 5.700000E+00, 5.800000E+00, 5.900000E+00, 6.000000E+00, 6.100000E+00, 6.200000E+00, 6.300000E+00, 6.400000E+00, 6.500000E+00"
    saDamping="5.0"
    saPeriod="0.1"
    sourceModelTreePath="source_model_1"
    tectonicRegionTypes="Active Shallow Crust, Subduction IntraSlab"
    >
        <disaggMatrix
        dims="10"
        iml="1.000000E-01"
        poE="3.578427E-03"
        type="Mag"
        >
            <prob index="0" value="1.355650E-03"/>
            <prob index="1" value="0.000000E+00"/>
            <prob index="2" value="0.000000E+00"/>
            <prob index="3" value="0.000000E+00"/>
            <prob index="4" value="0.000000E+00"/>
            <prob index="5" value="0.000000E+00"/>
            <prob index="6" value="0.000000E+00"/>
            <prob index="7" value="0.000000E+00"/>
            <prob index="8" value="0.000000E+00"/>
            <prob index="9" value="2.225794E-03"/>
        </disaggMatrix>
    </disaggMatrices>
</nrml>
