lon,lat,PGA-0.1,PGA-0.12,PGA-0.2
0.000000E+00,0.000000E+00,6.321205E-01,5.478831E-01,1.538091E-01
