LossType,Unit,Mean,Standard Deviation
structural,USD,8.2321500E+02,2.0040058E+03
