col=02|ses=0048|src=1|rup=309-01,0,2.23137323E-01
col=02|ses=0086|src=1|rup=006-01,0,1.30495688E-01
col=02|ses=0179|src=1|rup=866-01,0,3.82012471E-01
col=02|ses=0215|src=1|rup=569-01,0,3.04613713E-01
col=02|ses=0217|src=1|rup=003-01,0,1.29677921E-01
col=02|ses=0247|src=1|rup=138-01,0,1.68879680E-01
