#,,,,,,,,,,,,,,,,,,,,,,,,,,,,,,,,"generated_by='OpenQuake engine 3.10.0-git07dc9b3662', start_date='2020-07-06T23:07:27', checksum=496853719, kind='mean', investigation_time=1.0, imt='SA(1.0)'"
lon,lat,depth,poe-0.0100000,poe-0.0121736,poe-0.0148196,poe-0.0180407,poe-0.0219620,poe-0.0267356,poe-0.0325468,poe-0.0396210,poe-0.0482329,poe-0.0587167,poe-0.0714792,poe-0.0870157,poe-0.1059292,poe-0.1289537,poe-0.1569826,poe-0.1911039,poe-0.2326417,poe-0.2832080,poe-0.3447653,poe-0.4197025,poe-0.5109277,poe-0.6219815,poe-0.7571736,poe-0.9217506,poe-1.1220995,poe-1.3659958,poe-1.6629046,poe-2.0243486,poe-2.4643551,poe-3.0000000
-77.61460,8.44480,0.00000,2.466817E-03,1.926828E-03,1.482850E-03,1.123432E-03,8.371923E-04,6.131682E-04,4.410617E-04,3.113590E-04,2.155141E-04,1.460945E-04,9.686429E-05,6.272377E-05,3.960159E-05,2.433984E-05,1.453480E-05,8.406913E-06,4.690391E-06,2.511327E-06,1.281022E-06,6.156943E-07,2.740094E-07,1.098251E-07,3.815405E-08,1.096054E-08,2.429199E-09,3.761071E-10,3.614454E-11,1.874864E-12,4.566725E-14,4.685141E-16
