# smlt_path=b1,gsimlt_path=b1,imt=PGA,investigation_time=50.0,lon=10.1,lat=40.1,poe=0.02,iml=0.547691854676
Dist,poe
12.5,0.0192962792274
37.5,2.60630554387e-05
62.5,0.0
87.5,0.0
