asset_ref,taxonomy,lon,lat,no_damage_mean,no_damage_std,ds1_mean,ds1_std,ds2_mean,ds2_std,ds3_mean,ds3_std,ds4_mean,ds4_std
a1,tax1,-1.220000E+02,3.811300E+01,1.291983E-01,8.377115E-02,1.471020E-01,5.866539E-02,1.955615E-01,3.610740E-02,2.439407E-01,2.907795E-02,2.841975E-01,1.602952E-01
