col=09~ses=0001~src=FSBG_TRBG103-25~rup=008-01,1.606473E+05
col=09~ses=0001~src=FSBG_TRBG103-37~rup=005-01,3.975922E+05
col=09~ses=0001~src=FSBG_TRCS322-4,39~rup=001-01,2.990351E+06
