===== ============= =======
kind  return_period value  
rlz-0 30            NaN    
rlz-0 60            0.02109
rlz-0 120           0.07901
rlz-0 240           0.10732
rlz-0 480           0.15392
rlz-0 960           0.25961
rlz-1 30            NaN    
rlz-1 60            0.01889
rlz-1 120           0.06073
rlz-1 240           0.09516
rlz-1 480           0.10361
rlz-1 960           0.39534
===== ============= =======