asset_ref,lon_lat,taxonomy,fatalities
a0,81.2985 29.1098,RC,10.0
a1,83.082298 27.9006,RC,20.0
a2,85.747703 27.9015,RC,30.0
a3,85.747703 27.9015,RC,0.0
