# source_model_tree_path=('b11',), gsim_tree_path=('b1',), investigation_time=1.0, imt="PGA", checksum=1518465114
lon,lat,depth,poe-0.01,poe-0.1,poe-0.2,poe-0.3,poe-1.0
1.00000,-0.10000,0.00000,1.998001E-03,1.910346E-03,1.192751E-03,5.291551E-04,1.101305E-06
